
> artisan-coffee@0.0.0 build
> vite build

vite v8.0.10 building client environment for production...
[2Ktransforming...✓ 1807 modules transformed.
rendering chunks...
computing gzip size...
dist/index.html                         0.76 kB │ gzip:   0.42 kB
dist/assets/coffee-3-ai9jexeO.jpeg  2,148.17 kB
dist/assets/coffee-2-Cr6nqixU.jpeg  2,159.02 kB
dist/assets/coffee-1-DmOSl8MS.jpeg  2,168.60 kB
dist/assets/coffee-5-BbCgEu7P.jpeg  2,202.73 kB
dist/assets/coffee-4-wEAQFUQS.jpeg  2,220.97 kB
dist/assets/index-Bu5DAeWi.css         22.09 kB │ gzip:   5.12 kB
dist/assets/index-BO_4AGUs.js         798.80 kB │ gzip: 247.92 kB

✓ built in 1.15s
[plugin builtin:vite-reporter] 
(!) Some chunks are larger than 500 kB after minification. Consider:
- Using dynamic import() to code-split the application
- Use build.rolldownOptions.output.codeSplitting to improve chunking: https://rolldown.rs/reference/OutputOptions.codeSplitting
- Adjust chunk size limit for this warning via build.chunkSizeWarningLimit.
